**********************
Windows PowerShell 脚本开始
开始时间: 20260807235324
用户名: LAPTOP-0R82GDU8\admin
RunAs 用户: LAPTOP-0R82GDU8\admin
配置名称: 
计算机: LAPTOP-0R82GDU8 (Microsoft Windows NT 10.0.22631.0)
主机应用程序: C:\WINDOWS\System32\WindowsPowerShell\v1.0\powershell.exe -NoExit -ExecutionPolicy Bypass -Command $ErrorActionPreference = 'Stop'
Start-Transcript -Path 'D:\Aaron\workspace\projects\2026\eos\Athena\_bmad-output\implementation-artifacts\m44\m44-ide-launch.log' -Force | Out-Null
try {
 $repo = 'D:\Aaron\workspace\projects\2026\eos\Athena'
 Set-Location $repo
 Write-Host '=== LSP installDist ==='
 .\gradlew.bat --no-daemon --console=plain :ide:lsp:installDist
 Write-Host '=== Theia build ==='
 Set-Location $repo\ide
 yarn workspace @engineeringood/athena-theia-product build
 Write-Host '=== Launch M44 IDE ==='
 Set-Location $repo\ide\theia-product
 & (Resolve-Path ..\node_modules\electron\dist\electron.exe) 'scripts/athena-electron-main.js' (Resolve-Path $repo\examples\m44\rolling-shutter)
} finally {
 Stop-Transcript | Out-Null
}
进程 ID: 51500
PSVersion: 5.1.22621.6931
PSEdition: Desktop
PSCompatibleVersions: 1.0, 2.0, 3.0, 4.0, 5.0, 5.1.22621.6931
BuildVersion: 10.0.22621.6931
CLRVersion: 4.0.30319.42000
WSManStackVersion: 3.0
PSRemotingProtocolVersion: 2.3
SerializationVersion: 1.1.0.1
**********************
=== LSP installDist ===
> Task :ide:lsp:compileJava NO-SOURCE
> Task :ide:lsp:processResources NO-SOURCE
> Task :ide:lsp:classes UP-TO-DATE
> Task :ide:lsp:jar UP-TO-DATE
> Task :kernel:language:processResources NO-SOURCE
> Task :kernel:language:classes UP-TO-DATE
> Task :kernel:language:jar UP-TO-DATE
> Task :ide:lsp:startScripts UP-TO-DATE
> Task :ide:lsp:installDist FAILED

FAILURE: Build failed with an exception.

* What went wrong:
Execution failed for task ':ide:lsp:installDist' (registered by plugin class 'org.gradle.api.distribution.plugins.Distri
butionBasePlugin').
> The specified installation directory 'D:\Aaron\workspace\projects\2026\eos\Athena\ide\lsp\build\install\athena-lsp-hos
t' is neither empty nor does it contain an installation for 'athena-lsp-host'.
  If you really want to install to this directory, delete it and run the install task again.
  Alternatively, choose a different installation directory.

* Try:
> Run with --stacktrace option to get the stack trace.
> Run with --info or --debug option to get more log output.
> Run with --scan to get full insights from a Build Scan (powered by Develocity).
> Get more help at https://help.gradle.org.

BUILD FAILED in 34s
59 actionable tasks: 1 executed, 58 up-to-date
=== Theia build ===

=== Launch M44 IDE ===
**********************
Windows PowerShell 脚本结束
结束时间: 20260807235446
**********************
